CodeVisionAVR C Compiler V1.24.7e Professional
(C) Copyright 1998-2005 Pavel Haiduc, HP InfoTech s.r.l.
http://www.hpinfotech.com

File: z:\michael\c_codevision\codingdevice\mega128\Coding.c
Global variables memory map:

Variable                          Address   Size
*eefprog                                                             R4,R5      2
txBuffer                                                              380h    255
buff_wyh_paket                                                        47Fh    255
rxBuffer                                                              57Eh    127
lAddrDevice                                                           5FDh     16
counter_ciklov                                                          R6      1
Combine_Responce_GEN_CALL                                               R7      1
reflection_active_PORTS                                                 R8      1
EndTimePack                                                           R2.0    1/8
intScremblerON                                                        R2.1    1/8
CF_card_INI_OK                                                        R2.2    1/8
prog_bin_mode                                                         R2.3    1/8
*str                                                                R9,R10      2
*str1                                                              R11,R12      2
*fprog                                                             R13,R14      2
*fprogflas                                                            60Dh      2
cp[0].name                                                            60Fh     16
cp[0].addr                                                            61Fh      1
TWI_statusReg.all                                                     620h      1
TWI_statusReg.bits.lastTransOK:0                                      620h    1/8
TWI_statusReg.bits.unusedBits:1..7                                    620h    7/8
TWI_operation                                                         621h      1
tx0crc                                                                622h      1
rx0state                                                              623h      1
rx0crc                                                                624h      1
rx0len                                                                625h      1
rx0addr                                                               626h      1
rx0type                                                               627h      1
rx0buf                                                                628h    255
rx0ptr                                                                727h      1
flagTWI                                                               728h      1
*fu_user                                                              729h      2
OCR_REG                                                               72Bh      4
_FF_buff                                                              72Fh    512
PT_SecStart                                                           92Fh      2
BS_jmpBoot                                                            931h      4
BPB_BytsPerSec                                                        935h      2
BPB_SecPerClus                                                        937h      1
BPB_RsvdSecCnt                                                        938h      2
BPB_NumFATs                                                           93Ah      1
BPB_RootEntCnt                                                        93Bh      2
BPB_FATSz16                                                           93Dh      2
BPB_FATType                                                           93Fh      1
BPB_TotSec                                                            940h      4
BS_VolSerial                                                          944h      4
BS_VolLab                                                             948h     12
_FF_PART_ADDR                                                         954h      4
_FF_ROOT_ADDR                                                         958h      4
_FF_DIR_ADDR                                                          95Ch      4
_FF_FAT1_ADDR                                                         960h      4
_FF_FAT2_ADDR                                                         964h      4
_FF_RootDirSectors                                                    968h      4
FirstDataSector                                                       96Ch      2
FirstSectorofCluster                                                  96Eh      4
_FF_error                                                             972h      1
_FF_buff_addr                                                         973h      4
DataClusTot                                                           977h      4
rtc_hour                                                              97Bh      1
rtc_min                                                               97Ch      1
rtc_sec                                                               97Dh      1
rtc_date                                                              97Eh      1
rtc_month                                                             97Fh      1
rtc_year                                                              980h      2
clus_0_addr                                                           982h      4
_FF_n_temp                                                            986h      4
c_counter                                                             98Ah      2
_FF_FULL_PATH                                                         98Ch    100
FILENAME                                                              9F0h     12
kluchi_koderu                                                         9FCh      8
kluchi_dekoderu                                                       A04h     16
gshch1                                                                A14h      2
gshch2                                                                A16h      2
gshch3                                                                A18h      2
gshch4                                                                A1Ah      2
gshch5                                                                A1Ch      2
gshch6                                                                A1Eh      2
gshch7                                                                A20h      2
confkluch1                                                            A22h      2
confkluch2                                                            A24h      2
krutnut                                                               A26h      2
ver_kl                                                                A28h      2
komu                                                                  A2Ah      1
schetchic_paketov_zakrytija                                           A2Bh      1
kolvo_abonentov                                                       A2Ch      2
kolvo_stvolov                                                         A2Eh      1
scrambCond                                                            A2Fh      1
N_sektora                                                             A30h      1
ver_zeleza                                                            A31h      1
flag_est_obnovlenie_flash                                             A32h      1
flag_est_obnovlenie_eeprom                                            A33h      1
l_flash                                                               A34h      2
pozklucha                                                             A36h      1
count_paket                                                           A37h      2
schetchic_abonentov                                                   A39h      2
count_ciklovogo_S64                                                   A3Bh      1
TWI_buf_GA                                                            A3Ch    255
TWI_msgSize_GA                                                        B3Bh      1
TWI_state_GA                                                          B3Ch      1
TWI_bufPtr_S80                                                        B3Dh      1
